void cons(loc i1, loc x, loc x2);
void cons(loc i1, loc x, loc x2) {
 if (x == 0) {
  loc x = (loc)malloc(2 * sizeof(loc));
  WRITE_LOC(x2, 0, x);
  WRITE_LOC(x, 0, i1);
  WRITE_LOC(x, 1, 0);
 } else {
  loc x4 = (loc)malloc(2 * sizeof(loc));
  WRITE_LOC(x2, 0, x4);
  WRITE_LOC(x4, 0, i1);
  WRITE_LOC(x4, 1, x);
 }
}